opForge Assembler v0.9.5
ADDR    BYTES                    LINE  SOURCE
------  -----------------------  ----  ------
----                                1  ; 45GS02 absolute,Y opcode overrides
----                                2  
----                                3          .cpu 45gs02
----    EQU 2100                    4          .org $2100
----                                5  
----                                6  start
2100    09 00 20                    7          ora $2000,y
2103    29 02 20                    8          and $2002,y
2106    49 04 20                    9          eor $2004,y
2109    69 06 20                   10          adc $2006,y
210C    89 08 20                   11          sta $2008,y
210F    A9 0A 20                   12          lda $200A,y
2112    C9 0C 20                   13          cmp $200C,y
2115    E9 0E 20                   14          sbc $200E,y
2118    60                         15          rts
----                               16  
----                               17          .end

Lines: 17  Errors: 0  Warnings: 0

SYMBOL TABLE

NAME             VALUE     VIS  KIND
---------------  --------  ---  ----
start            2100      prv  lbl 

Total memory is 25 bytes

GENERATED OUTPUT

ADDR    BYTES
------  -----------------------
2100    09 00 20 29 02 20 49 04 20 69 06 20 89 08 20 A9
2110    0A 20 C9 0C 20 E9 0E 20 60
