opForge 8085 Assembler v1.0
ADDR    BYTES                    LINE  SOURCE
------  -----------------------  ----  ------
----                                1  ; 6502 All Addressing Modes Test
----                                2  ; Tests every addressing mode supported by the base 6502
----                                3  
----                                4          .cpu 6502
----    EQU 0200                    5          .org $0200
----                                6  
----                                7  ; ========================================
----                                8  ; ACCUMULATOR MODE: op A
----                                9  ; ========================================
0200    0A                         10          asl a           ; 0A
0201    4A                         11          lsr a           ; 4A
0202    2A                         12          rol a           ; 2A
0203    6A                         13          ror a           ; 6A
----                               14  
----                               15  ; ========================================
----                               16  ; IMMEDIATE MODE: op #$nn
----                               17  ; ========================================
0204    A9 42                      18          lda #$42        ; A9 42
0206    A2 10                      19          ldx #$10        ; A2 10
0208    A0 20                      20          ldy #$20        ; A0 20
020A    69 05                      21          adc #$05        ; 69 05
020C    E9 03                      22          sbc #$03        ; E9 03
020E    29 0F                      23          and #$0F        ; 29 0F
0210    09 F0                      24          ora #$F0        ; 09 F0
0212    49 AA                      25          eor #$AA        ; 49 AA
0214    C9 80                      26          cmp #$80        ; C9 80
0216    E0 40                      27          cpx #$40        ; E0 40
0218    C0 60                      28          cpy #$60        ; C0 60
----                               29  
----                               30  ; ========================================
----                               31  ; ZERO PAGE MODE: op $nn
----                               32  ; ========================================
021A    A5 20                      33          lda $20         ; A5 20
021C    A6 30                      34          ldx $30         ; A6 30
021E    A4 40                      35          ldy $40         ; A4 40
0220    85 50                      36          sta $50         ; 85 50
0222    86 60                      37          stx $60         ; 86 60
0224    84 70                      38          sty $70         ; 84 70
0226    65 80                      39          adc $80         ; 65 80
0228    E5 90                      40          sbc $90         ; E5 90
022A    25 A0                      41          and $A0         ; 25 A0
022C    05 B0                      42          ora $B0         ; 05 B0
022E    45 C0                      43          eor $C0         ; 45 C0
0230    C5 D0                      44          cmp $D0         ; C5 D0
0232    E4 E0                      45          cpx $E0         ; E4 E0
0234    C4 F0                      46          cpy $F0         ; C4 F0
0236    06 10                      47          asl $10         ; 06 10
0238    46 11                      48          lsr $11         ; 46 11
023A    26 12                      49          rol $12         ; 26 12
023C    66 13                      50          ror $13         ; 66 13
023E    E6 14                      51          inc $14         ; E6 14
0240    C6 15                      52          dec $15         ; C6 15
0242    24 16                      53          bit $16         ; 24 16
----                               54  
----                               55  ; ========================================
----                               56  ; ZERO PAGE,X MODE: op $nn,X
----                               57  ; ========================================
0244    B5 20                      58          lda $20,x       ; B5 20
0246    95 30                      59          sta $30,x       ; 95 30
0248    B4 40                      60          ldy $40,x       ; B4 40
024A    94 50                      61          sty $50,x       ; 94 50
024C    75 60                      62          adc $60,x       ; 75 60
024E    F5 70                      63          sbc $70,x       ; F5 70
0250    35 80                      64          and $80,x       ; 35 80
0252    15 90                      65          ora $90,x       ; 15 90
0254    55 A0                      66          eor $A0,x       ; 55 A0
0256    D5 B0                      67          cmp $B0,x       ; D5 B0
0258    16 C0                      68          asl $C0,x       ; 16 C0
025A    56 D0                      69          lsr $D0,x       ; 56 D0
025C    36 E0                      70          rol $E0,x       ; 36 E0
025E    76 F0                      71          ror $F0,x       ; 76 F0
0260    F6 10                      72          inc $10,x       ; F6 10
0262    D6 11                      73          dec $11,x       ; D6 11
----                               74  
----                               75  ; ========================================
----                               76  ; ZERO PAGE,Y MODE: op $nn,Y
----                               77  ; ========================================
0264    B6 20                      78          ldx $20,y       ; B6 20
0266    96 30                      79          stx $30,y       ; 96 30
----                               80  
----                               81  ; ========================================
----                               82  ; ABSOLUTE MODE: op $nnnn
----                               83  ; ========================================
0268    AD 34 12                   84          lda $1234       ; AD 34 12
026B    AE 45 23                   85          ldx $2345       ; AE 45 23
026E    AC 56 34                   86          ldy $3456       ; AC 56 34
0271    8D 67 45                   87          sta $4567       ; 8D 67 45
0274    8E 78 56                   88          stx $5678       ; 8E 78 56
0277    8C 89 67                   89          sty $6789       ; 8C 89 67
027A    6D 9A 78                   90          adc $789A       ; 6D 9A 78
027D    ED AB 89                   91          sbc $89AB       ; ED AB 89
0280    2D BC 9A                   92          and $9ABC       ; 2D BC 9A
0283    0D CD AB                   93          ora $ABCD       ; 0D CD AB
0286    4D DE BC                   94          eor $BCDE       ; 4D DE BC
0289    CD EF CD                   95          cmp $CDEF       ; CD EF CD
028C    EC F0 DE                   96          cpx $DEF0       ; EC F0 DE
028F    CC 01 EF                   97          cpy $EF01       ; CC 01 EF
0292    0E 00 10                   98          asl $1000       ; 0E 00 10
0295    4E 01 10                   99          lsr $1001       ; 4E 01 10
0298    2E 02 10                  100          rol $1002       ; 2E 02 10
029B    6E 03 10                  101          ror $1003       ; 6E 03 10
029E    EE 04 10                  102          inc $1004       ; EE 04 10
02A1    CE 05 10                  103          dec $1005       ; CE 05 10
02A4    2C 06 10                  104          bit $1006       ; 2C 06 10
02A7    4C 07 10                  105          jmp $1007       ; 4C 07 10
02AA    20 08 10                  106          jsr $1008       ; 20 08 10
----                              107  
----                              108  ; ========================================
----                              109  ; ABSOLUTE,X MODE: op $nnnn,X
----                              110  ; ========================================
02AD    BD 34 12                  111          lda $1234,x     ; BD 34 12
02B0    9D 45 23                  112          sta $2345,x     ; 9D 45 23
02B3    BC 56 34                  113          ldy $3456,x     ; BC 56 34
02B6    7D 67 45                  114          adc $4567,x     ; 7D 67 45
02B9    FD 78 56                  115          sbc $5678,x     ; FD 78 56
02BC    3D 89 67                  116          and $6789,x     ; 3D 89 67
02BF    1D 9A 78                  117          ora $789A,x     ; 1D 9A 78
02C2    5D AB 89                  118          eor $89AB,x     ; 5D AB 89
02C5    DD BC 9A                  119          cmp $9ABC,x     ; DD BC 9A
02C8    1E CD AB                  120          asl $ABCD,x     ; 1E CD AB
02CB    5E DE BC                  121          lsr $BCDE,x     ; 5E DE BC
02CE    3E EF CD                  122          rol $CDEF,x     ; 3E EF CD
02D1    7E F0 DE                  123          ror $DEF0,x     ; 7E F0 DE
02D4    FE 01 EF                  124          inc $EF01,x     ; FE 01 EF
02D7    DE 12 F0                  125          dec $F012,x     ; DE 12 F0
----                              126  
----                              127  ; ========================================
----                              128  ; ABSOLUTE,Y MODE: op $nnnn,Y
----                              129  ; ========================================
02DA    B9 34 12                  130          lda $1234,y     ; B9 34 12
02DD    99 45 23                  131          sta $2345,y     ; 99 45 23
02E0    BE 56 34                  132          ldx $3456,y     ; BE 56 34
02E3    79 67 45                  133          adc $4567,y     ; 79 67 45
02E6    F9 78 56                  134          sbc $5678,y     ; F9 78 56
02E9    39 89 67                  135          and $6789,y     ; 39 89 67
02EC    19 9A 78                  136          ora $789A,y     ; 19 9A 78
02EF    59 AB 89                  137          eor $89AB,y     ; 59 AB 89
02F2    D9 BC 9A                  138          cmp $9ABC,y     ; D9 BC 9A
----                              139  
----                              140  ; ========================================
----                              141  ; INDIRECT MODE: JMP ($nnnn)
----                              142  ; ========================================
02F5    6C 34 12                  143          jmp ($1234)     ; 6C 34 12
----                              144  
----                              145  ; ========================================
----                              146  ; INDEXED INDIRECT MODE: op ($nn,X)
----                              147  ; ========================================
02F8    A1 20                     148          lda ($20,x)     ; A1 20
02FA    81 30                     149          sta ($30,x)     ; 81 30
02FC    61 40                     150          adc ($40,x)     ; 61 40
02FE    E1 50                     151          sbc ($50,x)     ; E1 50
0300    21 60                     152          and ($60,x)     ; 21 60
0302    01 70                     153          ora ($70,x)     ; 01 70
0304    41 80                     154          eor ($80,x)     ; 41 80
0306    C1 90                     155          cmp ($90,x)     ; C1 90
----                              156  
----                              157  ; ========================================
----                              158  ; INDIRECT INDEXED MODE: op ($nn),Y
----                              159  ; ========================================
0308    B1 20                     160          lda ($20),y     ; B1 20
030A    91 30                     161          sta ($30),y     ; 91 30
030C    71 40                     162          adc ($40),y     ; 71 40
030E    F1 50                     163          sbc ($50),y     ; F1 50
0310    31 60                     164          and ($60),y     ; 31 60
0312    11 70                     165          ora ($70),y     ; 11 70
0314    51 80                     166          eor ($80),y     ; 51 80
0316    D1 90                     167          cmp ($90),y     ; D1 90
----                              168  
----                              169  ; ========================================
----                              170  ; RELATIVE MODE: Branches
----                              171  ; ========================================
----                              172  branch_test:
0318    90 FE                     173          bcc branch_test ; 90 FE (branch to self)
031A    B0 00                     174          bcs $+2         ; B0 00
031C    F0 02                     175          beq $+4         ; F0 02
031E    D0 08                     176          bne forward     ; D0 xx
0320    30 00                     177          bmi $+2         ; 30 00
0322    10 00                     178          bpl $+2         ; 10 00
0324    50 00                     179          bvc $+2         ; 50 00
0326    70 00                     180          bvs $+2         ; 70 00
----                              181  forward:
----                              182  
----                              183  ; ========================================
----                              184  ; IMPLIED MODE: No operand
----                              185  ; ========================================
0328    EA                        186          nop             ; EA
0329    18                        187          clc             ; 18
032A    38                        188          sec             ; 38
032B    58                        189          cli             ; 58
032C    78                        190          sei             ; 78
032D    B8                        191          clv             ; B8
032E    D8                        192          cld             ; D8
032F    F8                        193          sed             ; F8
0330    AA                        194          tax             ; AA
0331    8A                        195          txa             ; 8A
0332    A8                        196          tay             ; A8
0333    98                        197          tya             ; 98
0334    BA                        198          tsx             ; BA
0335    9A                        199          txs             ; 9A
0336    48                        200          pha             ; 48
0337    68                        201          pla             ; 68
0338    08                        202          php             ; 08
0339    28                        203          plp             ; 28
033A    E8                        204          inx             ; E8
033B    CA                        205          dex             ; CA
033C    C8                        206          iny             ; C8
033D    88                        207          dey             ; 88
033E    00                        208          brk             ; 00
033F    40                        209          rti             ; 40
0340    60                        210          rts             ; 60
----                              211  
----                              212          .end

Lines: 212  Errors: 0  Warnings: 0

SYMBOL TABLE

branch_test     : 0318 (792)
forward         : 0328 (808)

Total memory is 321 bytes
