opForge 8085 Assembler v1.0
ADDR    BYTES                    LINE  SOURCE
------  -----------------------  ----  ------
----                                1  ; 65816 MVP Addressing/Instruction Coverage
----                                2  ; Covers currently implemented 65816-specific forms in this branch.
----                                3  
----                                4          .cpu 65816
----    EQU 0800                    5          .org $0800
----                                6  
----                                7  ; ========================================
----                                8  ; CONTROL FLOW / LONG CONTROL
----                                9  ; ========================================
0800    82 01 00                   10          brl long_target     ; 82 xx xx
0803    EA                         11          nop                 ; EA
----                               12  long_target:
0804    5C EE FF C0                13          jml $C0FFEE         ; 5C EE FF C0
0808    22 CD AB 00                14          jsl $00ABCD         ; 22 CD AB 00
080C    DC 56 34                   15          jml [$3456]         ; DC 56 34
080F    6B                         16          rtl                 ; 6B
----                               17  
----                               18  ; ========================================
----                               19  ; MODE/CONTROL
----                               20  ; ========================================
0810    C2 30                      21          rep #$30            ; C2 30
0812    E2 10                      22          sep #$10            ; E2 10
0814    FB                         23          xce                 ; FB
0815    EB                         24          xba                 ; EB
----                               25  
----                               26  ; ========================================
----                               27  ; STACK/REGISTER CONTROL
----                               28  ; ========================================
0816    8B                         29          phb                 ; 8B
0817    AB                         30          plb                 ; AB
0818    0B                         31          phd                 ; 0B
0819    2B                         32          pld                 ; 2B
081A    4B                         33          phk                 ; 4B
081B    5B                         34          tcd                 ; 5B
081C    7B                         35          tdc                 ; 7B
081D    1B                         36          tcs                 ; 1B
081E    3B                         37          tsc                 ; 3B
----                               38  
----                               39  ; ========================================
----                               40  ; MEMORY / IMMEDIATE CONTROL
----                               41  ; ========================================
081F    F4 67 45                   42          pea $4567           ; F4 67 45
0822    D4 44                      43          pei ($44)           ; D4 44
0824    62 13 00                   44          per rel_target      ; 62 xx xx
0827    02 99                      45          cop #$99            ; 02 99
0829    42 55                      46          wdm #$55            ; 42 55
----                               47  
----                               48  ; ========================================
----                               49  ; BLOCK MOVE
----                               50  ; ========================================
082B    54 01 02                   51          mvn $01,$02         ; 54 01 02
082E    44 03 04                   52          mvp $03,$04         ; 44 03 04
----                               53  
----                               54  ; ========================================
----                               55  ; 65816 STACK-RELATIVE ADDRESSING
----                               56  ; ========================================
0831    03 20                      57          ora $20,s           ; 03 20
0833    13 21                      58          ora ($21,s),y       ; 13 21
----                               59  
----                               60  ; Shared family instructions still valid on 65816
0835    A9 12                      61          lda #$12
0837    8D 00 20                   62          sta $2000
----                               63  
----                               64  rel_target:
083A    60                         65          rts
----                               66  
----                               67          .end

Lines: 67  Errors: 0  Warnings: 0

SYMBOL TABLE

long_target     : 0804 (2052)
rel_target      : 083a (2106)

Total memory is 59 bytes

GENERATED OUTPUT

ADDR    BYTES
------  -----------------------
0800    82 01 00 EA 5C EE FF C0 22 CD AB 00 DC 56 34 6B
0810    C2 30 E2 10 FB EB 8B AB 0B 2B 4B 5B 7B 1B 3B F4
0820    67 45 D4 44 62 13 00 02 99 42 55 54 01 02 44 03
0830    04 03 20 13 21 A9 12 8D 00 20 60
