opForge Assembler v0.9.6
ADDR    BYTES                    LINE  SOURCE
------  -----------------------  ----  ------
----                                1  ; 65816 wide mapfile coverage
----                                2  ; Ensures map output preserves wide symbol values and high 24-bit addresses.
----                                3  
----                                4  .module main
----                                5  .cpu 65816
----                                6  
----                                7  .region hi, $FF0000, $FF00FF
----    EQU 89ABCDEF                8  wide_const .const $89ABCDEF
----                                9  
----                               10  .section code  ; [section code]
----                               11  entry  ; [section code]
FF0000  EA                         12      .byte $ea  ; [section code]
----                               13  .endsection
----                               14  
----                               15  .place code in hi
----                               16  .mapfile "build/65816-wide-mapfile.map", symbols=all
----                               17  
----                               18  .endmodule

Lines: 18  Errors: 0  Warnings: 0

SYMBOL TABLE

NAME             VALUE     VIS  KIND
---------------  --------  ---  ----
main.entry       FF0000    prv  lbl 
main.wide_const  89ABCDEF  prv  lbl 

Total memory is 1 bytes

GENERATED OUTPUT

ADDR    BYTES
------  -----------------------
FF0000    EA
