opForge Assembler v0.9.5
ADDR    BYTES                    LINE  SOURCE
------  -----------------------  ----  ------
----                                1  ; 65816 wide-address BSS reserve coverage
----                                2  ; Ensures .res can reserve beyond 64 KiB when placed in a wide region.
----                                3  
----                                4  .module main
----                                5  .cpu 65816
----                                6  .region ram, $010000, $04ffff
----                                7  
----                                8  .section vars, kind=bss  ; [section vars]
----                                9  start  ; [section vars]
010000  +013880                    10      .res long, 20000  ; [section vars]
----                               11  end_label  ; [section vars]
----                               12  .endsection
----                               13  
----                               14  .place vars in ram
----                               15  .endmodule

Lines: 15  Errors: 0  Warnings: 0

SYMBOL TABLE

NAME             VALUE     VIS  KIND
---------------  --------  ---  ----
main.end_label   023880    prv  lbl 
main.start       010000    prv  lbl 

Total memory is 0 bytes

GENERATED OUTPUT

(none)
