opForge Assembler v0.9.6
ADDR    BYTES                    LINE  SOURCE
------  -----------------------  ----  ------
----                                1  ; Basic Motorola 68000 branch smoke fixture
----                                2  .cpu 68000
----    EQU 1000                    3  .org $1000
----                                4  
----                                5  start
1000    70 01                       6      MOVEQ #1,D0
1002    60 00 00 02                 7      BRA.W middle
1006    70 00                       8      MOVEQ #0,D0
----                                9  middle
1008    52 40                      10      ADDQ.W #1,D0
100A    66 00 00 02                11      BNE.W done
100E    53 40                      12      SUBQ.W #1,D0
----                               13  done
1010    4E 75                      14      RTS
----                               15  
----                               16  .end

Lines: 16  Errors: 0  Warnings: 0

SYMBOL TABLE

NAME             VALUE     VIS  KIND
---------------  --------  ---  ----
done             1010      prv  lbl 
middle           1008      prv  lbl 
start            1000      prv  lbl 

Total memory is 18 bytes

GENERATED OUTPUT

ADDR    BYTES
------  -----------------------
1000    70 01 60 00 00 02 70 00 52 40 66 00 00 02 53 40
1010    4E 75
