opForge 8085 Assembler v1.0
ADDR    BYTES                    LINE  SOURCE
------  -----------------------  ----  ------
----                                1  ; Conditional assembly (.if/.elseif/.else/.endif) coverage
----    EQU 2000                    2          .org     2000h
----                                3  
----    EQU 0001                    4  TRUE    .const     1
----    EQU 0000                    5  FALSE   .const     0
----                                6  
----                                7  ; simple if/else
----                                8          .if TRUE
2000    01                          9                  .byte 1
----                               10          .else
----                               11                  .byte 2
----                               12          .endif
----                               13  
----                               14  ; elseif chain
----                               15          .if 0
----                               16                  .byte 3
----                               17          .elseif 0
----                               18                  .byte 4
----                               19          .elseif 5
2001    05                         20                  .byte 5
----                               21          .else
----                               22                  .byte 6
----                               23          .endif
----                               24  
----                               25  ; nested conditionals
----                               26          .if 1
----                               27                  .if 0
----                               28                          .byte 7
----                               29                  .else
2002    08                         30                          .byte 8
----                               31                  .endif
----                               32          .else
----                               33                  .byte 9
----                               34          .endif
----                               35  
----                               36  ; labels on conditionals
----                               37  LABIF:  .if TRUE
2003    0A                         38                  .byte 10
----                               39  LABELSE:.else
----                               40                  .byte 11
----                               41  LABEND: .endif
----                               42  
----                               43  ; switch/case/default
----                               44          .switch 2
----                               45          .case 1
----                               46                  .byte 12
----                               47          .case 2, 3
2004    0D                         48                  .byte 13
----                               49          .default
----                               50                  .byte 14
----                               51          .endswitch
----                               52  
----                               53          .switch 9
----                               54          .case 1, 2
----                               55                  .byte 15
----                               56          .default
2005    10                         57                  .byte 16
----                               58          .endswitch

Lines: 58  Errors: 0  Warnings: 0

SYMBOL TABLE

TRUE            : 0001 (1)
FALSE           : 0000 (0)

Total memory is 6 bytes
