opForge Assembler v0.9.6
ADDR    BYTES                    LINE  SOURCE
------  -----------------------  ----  ------
----                                1  ; Iterable .for loop over a list literal.
----                                2  .cpu 6502
----                                3  
----    EQU 0000                    4  nums = {1, 3, 5, 7}
----                                5  
0000    01                          7      .byte value
0001    03                          7      .byte value
0002    05                          7      .byte value
0003    07                          7      .byte value

Lines: 8  Errors: 0  Warnings: 0

SYMBOL TABLE

NAME             VALUE     VIS  KIND
---------------  --------  ---  ----
nums             0000      prv  lbl 

Total memory is 4 bytes

GENERATED OUTPUT

ADDR    BYTES
------  -----------------------
0000    01 03 05 07
