opForge Assembler v0.9.5
ADDR    BYTES                    LINE  SOURCE
------  -----------------------  ----  ------
----                                1  .module main
----                                2  
----                                3  .region ram, $1200, $12ff
----                                4  
----                                5  .section code  ; [section code]
----                                6  .pub  ; [section code]
----                                7  start  ; [section code]
1200    10 11                       8      .byte $10, $11  ; [section code]
----                                9  .priv  ; [section code]
----                               10  .endsection
----                               11  
----                               12  .section data  ; [section data]
1202    22 33                      13      .byte $22, $33  ; [section data]
----                               14  .endsection
----                               15  
----                               16  .pack in ram : code, data
----                               17  
----                               18  .output "build/pack-no-dsection.bin", format=bin, contiguous=false, sections=code,data
----                               19  .mapfile "build/pack-no-dsection.map", symbols=public
----                               20  
----                               21  .endmodule

Lines: 21  Errors: 0  Warnings: 0

SYMBOL TABLE

NAME             VALUE     VIS  KIND
---------------  --------  ---  ----
main.start       1200      pub  lbl 

Total memory is 4 bytes

GENERATED OUTPUT

ADDR    BYTES
------  -----------------------
1200    10 11 22 33
