asm485 8085 Assembler v1.0
ADDR    BYTES                    LINE  SOURCE
------  -----------------------  ----  ------
----                                1  ; Macro syntax examples
----                                2  
----    EQU 2000                    3          .org 2000h
----                                4  
----                                5  
----                                6  
----                                7  
----                                8  
----                                9          .block
2000    3A 12 00                   10          lda $12
2003    32 34 00                   11          sta $34
----                               12          .endblock
----                               13          .block
2006    01 02                      14          .byte 1, 2
----                               15          .endblock
----                               16          .block
2008    03                         17          .byte 1+2
2009    03 00                      18          .word 1+2
----                               19          .endblock
----                               20  
----                               21  foo .block
----    EQU 0009                   22  local   .const 9
----                               23  .endblock
200B    09 00                      24          .word foo.local
----                               25          .end

Lines: 25  Errors: 0  Warnings: 0

SYMBOL TABLE

foo             : 200b (8203)
foo.local       : 0009 (9)

Total memory is 13 bytes
