opForge Assembler v0.9.6
ADDR    BYTES                    LINE  SOURCE
------  -----------------------  ----  ------
----                                1  ; Module visibility
----                                2  
----                                3  .module alpha
----                                4      .pub
----    EQU 0001                    5  PUBLIC  .const 1
----                                6      .priv
----    EQU 0002                    7  PRIVATE .const 2
0000    01                          8      .byte PUBLIC
0001    02                          9      .byte PRIVATE
----                               10  .endmodule
----                               11  
----                               12  .module beta
----                               13      .pub
----    EQU 0003                   14  VALUE   .const 3
0002    03                         15      .byte VALUE
----                               16  .endmodule
----                               17  
----                               18  .end

Lines: 18  Errors: 0  Warnings: 0

SYMBOL TABLE

NAME             VALUE     VIS  KIND
---------------  --------  ---  ----
alpha.PRIVATE    0002      prv  lbl 
alpha.PUBLIC     0001      pub  lbl 
beta.VALUE       0003      pub  lbl 

Total memory is 3 bytes

GENERATED OUTPUT

ADDR    BYTES
------  -----------------------
0000    01 02 03
