opForge Assembler v0.9.5
ADDR    BYTES                    LINE  SOURCE
------  -----------------------  ----  ------
----                                1          .module demo
----    EQU 2000                    2          .org 2000h
2000    3E 11                       3  start   mvi a,11h
    4 | <end of file>
ERROR: Found .module without .endmodule
help: add a matching .endmodule to close the open module block
suggestion: replace 4:1-1 with ".endmodule"

Lines: 3  Errors: 1  Warnings: 0

SYMBOL TABLE

NAME             VALUE     VIS  KIND
---------------  --------  ---  ----
demo.start       2000      prv  lbl 

Total memory is 2 bytes

GENERATED OUTPUT

ADDR    BYTES
------  -----------------------
2000    3E 11
