opForge Assembler v0.9.5
ADDR    BYTES                    LINE  SOURCE
------  -----------------------  ----  ------
----                                1  ; Demonstrates metadata output selection directives.
----                                2  
----                                3  .module main
----                                4      .meta
----                                5          .output
----                                6              .list
----                                7              .hex "meta-hex"
----                                8              .bin "0000:0003"
----                                9          .endoutput
----                               10      .endmeta
----                               11  
----    EQU 0000                   12      .org 0000h
----                               13  START
0000    01 02 03 04                14      .byte 01h, 02h, 03h, 04h
----                               15  .endmodule

Lines: 15  Errors: 0  Warnings: 0

SYMBOL TABLE

NAME             VALUE     VIS  KIND
---------------  --------  ---  ----
main.START       0000      prv  lbl 

Total memory is 4 bytes

GENERATED OUTPUT

ADDR    BYTES
------  -----------------------
0000    01 02 03 04
