opForge 8085 Assembler v1.0
ADDR    BYTES                    LINE  SOURCE
------  -----------------------  ----  ------
----                                1  .module example.section.lib
----                                2      .pub
----    EQU 0004                    3  LIBVAL  .const 4
----                                4      .section data
0000    02 03                       5      .byte 2, 3
----                                6      .endsection
----                                7  .endmodule
----                                8  ; Section data across modules with autoload
----                                9  
----                               10  .module example.section.app
----                               11      .use example.section.lib (LIBVAL)
----                               12      .section data
0002    01 04                      13      .byte 1, LIBVAL
----                               14      .endsection
----    EQU 1000                   15      .org 1000h
1000    02 03 01 04                16      .dsection data
----                               17  .endmodule
----                               18  
----                               19  .end

Lines: 19  Errors: 0  Warnings: 0

SYMBOL TABLE

example.section.lib.LIBVAL: 0004 (4)

Total memory is 4 bytes
