opForge Assembler v0.9.5
ADDR    BYTES                    LINE  SOURCE
------  -----------------------  ----  ------
----                                1  ; Section data across modules with include
----                                2  
----                                3  ; Section module library for include example
----                                4  
----                                5  .module example.section.include.lib
----                                6      .pub
----    EQU 0004                    7  LIBVAL  .const 4
----                                8      .section data  ; [section data]
1000    02 03                       9      .byte 2, 3  ; [section data]
----                               10      .endsection
----                               11  .endmodule
----                               12  
----                               13  .module example.section.app
----                               14      .use example.section.include.lib (LIBVAL)
----                               15      .region ram, $1000, $10ff
----                               16      .section data  ; [section data]
1002    01 04                      17      .byte 1, LIBVAL  ; [section data]
----                               18      .endsection
----                               19      .place data in ram
----                               20  .endmodule
----                               21  
----                               22  .end

Lines: 22  Errors: 0  Warnings: 0

SYMBOL TABLE

NAME             VALUE     VIS  KIND
---------------  --------  ---  ----
example.section.include.lib.LIBVAL  0004      pub  lbl 

Total memory is 4 bytes

GENERATED OUTPUT

ADDR    BYTES
------  -----------------------
1000    02 03 01 04
