opForge Assembler v0.9.5
ADDR    BYTES                    LINE  SOURCE
------  -----------------------  ----  ------
----                                1          .module demo
----                                2          .section code  ; [section code]
----    EQU 2000                    3          .org 2000h  ; [section code]
2000    3E 11                       4  start   mvi a,11h  ; [section code]
    5 | <end of file>
ERROR: Found .module without .endmodule
help: add a matching .endmodule to close the open module block
suggestion: replace 5:1-1 with ".endmodule"
    5 | <end of file>
ERROR: Found .section without .endsection
help: add a matching .endsection to close the open section block
suggestion: replace 5:1-1 with ".endsection"

Lines: 4  Errors: 2  Warnings: 0

SYMBOL TABLE

NAME             VALUE     VIS  KIND
---------------  --------  ---  ----
demo.start       2000      prv  lbl 

Total memory is 0 bytes

GENERATED OUTPUT

(none)
