opForge Assembler v0.9.5
ADDR    BYTES                    LINE  SOURCE
------  -----------------------  ----  ------
----                                1  .module segment.export.lib
----                                2      .pub
----    EQU 0042                    3  LIBVAL  .const $42
----                                4  
----                                5  
----                                6  .endmodule
----                                7  ; Test: successful cross-module segment import
----                                8  ;
----                                9  ; When EMIT_BYTE is explicitly listed in the .use import list,
----                               10  ; the segment defined in the library module becomes available.
----                               11  
----                               12  .module segment.cross.ok.app
----                               13      .cpu 8085
----                               14  
----                               15      .use segment.export.lib (LIBVAL, EMIT_BYTE)
----                               16  
----    EQU 0000                   17      .org $0000
----                               18  
0000    3E 42                      19      mvi a, LIBVAL       ; Use the exported const ($42)
0002    AA                         20      .byte $AA
0003    BB                         21      .byte $BB
0004    76                         22      hlt
----                               23  .endmodule
----                               24  
----                               25  .end

Lines: 25  Errors: 0  Warnings: 0

SYMBOL TABLE

NAME             VALUE     VIS  KIND
---------------  --------  ---  ----
segment.export.lib.LIBVAL  0042      pub  lbl 

Total memory is 5 bytes

GENERATED OUTPUT

ADDR    BYTES
------  -----------------------
0000    3E 42 AA BB 76
