opForge Assembler v0.9.5
ADDR    BYTES                    LINE  SOURCE
------  -----------------------  ----  ------
----                                1  ; Demonstrate .statement expansion.
----                                2  
----                                3  
----                                4  
----                                5  
----                                6  
----                                7  start
0000    07                          8      .byte 7
0001    FF                          9      .byte $ff
0002    0A                         10      .byte %1010
0003    FF                         11      .byte 0ffh
----                               12      lda [$05],y
   12 |     lda [$05],y
        ^
ERROR: unsupported operand: IndirectLong(Number("$05", Span { line: 12, col_start: 10, col_end: 13 }), Span { line: 12, col_start: 9, col_end: 14 })
----                               13      move.b d0,d2
   13 |     move.b d0,d2
                ^
ERROR: No instruction found for MOVE.B
----                               14      move.l d0, d2
   14 |     move.l d0, d2
                 ^
ERROR: No instruction found for MOVE.L

Lines: 14  Errors: 3  Warnings: 0

SYMBOL TABLE

NAME             VALUE     VIS  KIND
---------------  --------  ---  ----
start            0000      prv  lbl 

Total memory is 4 bytes

GENERATED OUTPUT

ADDR    BYTES
------  -----------------------
0000    07 FF 0A FF
