opForge 8085 Assembler v1.0
ADDR    BYTES                    LINE  SOURCE
------  -----------------------  ----  ------
----                                1  ; Demonstrate .statement expansion.
----                                2  
----                                3  
----                                4  
----                                5  
----                                6  
----                                7  start:
0000    07                          8      .byte 7
0001    FF                          9      .byte $ff
0002    0A                         10      .byte %1010
0003    FF                         11      .byte 0ffh
0004    05                         12      .byte $05
0005    62                         13      .byte 'b'
0006    64 00                      14      .byte 'd', 0
0008    64 02                      15      .byte 'd', 2
000A    6C                         16      .byte 'l'
000B    64 00                      17      .byte 'd', 0
000D    64 02                      18      .byte 'd', 2

Lines: 18  Errors: 0  Warnings: 0

SYMBOL TABLE

start           : 0000 (0)

Total memory is 15 bytes
