opForge Assembler v0.9.7
ADDR    BYTES                    LINE  SOURCE
------  -----------------------  ----  ------
----                                1  ; AmigaOS file-output smoke executable for the v0.3 executable-complete Hunk subset.
----                                2  ; Uses unplaced Hunk output plus bare-symbol executable notation where the
----                                3  ; supported matrix now allows it.
----                                4  ; Writes a fixed text file to T: so it can be checked after running under AmigaOS.
----                                5  ; The program is CLI-oriented and does not include Workbench startup handling.
----                                6  
----                                7          .module main
----                                8          .cpu 68000
----                                9  
----    EQU 0004                   10  SysBase         = 4
----    EQU 0000                   11  RETURN_OK       = 0
----    EQU 0014                   12  RETURN_FAIL     = 20
----    EQU 03EE                   13  MODE_NEWFILE    = 1006
----                               14  
----                               15  ; LVO offsets in the relevant library jump tables.
----    EQU FFFFFDD8               16  OpenLibrary     = -552
----    EQU FFFFFE62               17  CloseLibrary    = -414
----    EQU FFFFFFE2               18  Open            = -30
----    EQU FFFFFFDC               19  Close           = -36
----    EQU FFFFFFD0               20  Write           = -48
----                               21  
----    EQU 0013                   22  message_len     = 19
----                               23  
----                               24          .section code, kind=code  ; [section code]
----                               25    ; [section code]
----                               26  start  ; [section code]
0000    7E 14                      27          MOVEQ #RETURN_FAIL,D7  ; [section code]
----                               28    ; [section code]
0002    43 F9 00 00 00 00          29          LEA dos_name,A1  ; [section code]
0008    70 24                      30          MOVEQ #36,D0  ; [section code]
000A    2C 78 00 04                31          MOVEA.L SysBase.W,A6  ; [section code]
000E    4E AE FD D8                32          JSR OpenLibrary(A6)  ; [section code]
----                               33    ; [section code]
0012    4A 80                      34          TST.L D0  ; [section code]
0014    67 00 00 52                35          BEQ done  ; [section code]
----                               36    ; [section code]
0018    2A 40                      37          MOVEA.L D0,A5  ; [section code]
----                               38    ; [section code]
001A    41 F9 00 00 00 0C          39          LEA output_path,A0  ; [section code]
0020    22 08                      40          MOVE.L A0,D1  ; [section code]
0022    24 3C 00 00 03 EE          41          MOVE.L #MODE_NEWFILE,D2  ; [section code]
0028    2C 4D                      42          MOVEA.L A5,A6  ; [section code]
002A    4E AE FF E2                43          JSR Open(A6)  ; [section code]
----                               44    ; [section code]
002E    4A 80                      45          TST.L D0  ; [section code]
0030    67 00 00 2C                46          BEQ close_dos  ; [section code]
----                               47    ; [section code]
0034    2C 00                      48          MOVE.L D0,D6  ; [section code]
0036    22 06                      49          MOVE.L D6,D1  ; [section code]
0038    24 3C 00 00 00 24          50          MOVE.L #message,D2  ; [section code]
003E    26 3C 00 00 00 13          51          MOVE.L #message_len,D3  ; [section code]
0044    2C 4D                      52          MOVEA.L A5,A6  ; [section code]
0046    4E AE FF D0                53          JSR Write(A6)  ; [section code]
----                               54    ; [section code]
004A    B0 BC 00 00 00 13          55          CMP.L #message_len,D0  ; [section code]
0050    66 00 00 04                56          BNE close_file  ; [section code]
----                               57    ; [section code]
0054    7E 00                      58          MOVEQ #RETURN_OK,D7  ; [section code]
----                               59    ; [section code]
----                               60  close_file  ; [section code]
0056    22 06                      61          MOVE.L D6,D1  ; [section code]
0058    2C 4D                      62          MOVEA.L A5,A6  ; [section code]
005A    4E AE FF DC                63          JSR Close(A6)  ; [section code]
----                               64    ; [section code]
----                               65  close_dos  ; [section code]
005E    22 4D                      66          MOVEA.L A5,A1  ; [section code]
0060    2C 78 00 04                67          MOVEA.L SysBase.W,A6  ; [section code]
0064    4E AE FE 62                68          JSR CloseLibrary(A6)  ; [section code]
----                               69    ; [section code]
----                               70  done  ; [section code]
0068    20 07                      71          MOVE.L D7,D0  ; [section code]
006A    4E 75                      72          RTS  ; [section code]
----                               73    ; [section code]
----                               74          .endsection
----                               75          .section data, kind=data  ; [section data]
----                               76    ; [section data]
----                               77  dos_name  ; [section data]
0000    64 6F 73 2E 6C 69 62 72 61 72 79 00    78          .byte "dos.library",0  ; [section data]
----                               79  output_path  ; [section data]
000C    54 3A 6F 70 66 6F 72 67 65 2D 77 72 69 74 65 66 69 6C 65 2E 74 78 74 00    80          .byte "T:opforge-writefile.txt",0  ; [section data]
----                               81  message  ; [section data]
0024    48 65 6C 6C 6F 20 66 72 6F 6D 20 6F 70 46 6F 72 67 65 0A    82          .byte "Hello from opForge",10  ; [section data]
----                               83    ; [section data]
----                               84          .endsection
----                               85          .output "build/writefile.hunk", format=hunk, sections=code,data
----                               86          .endmodule

Lines: 86  Errors: 0  Warnings: 0

SYMBOL TABLE

NAME             VALUE     VIS  KIND
---------------  --------  ---  ----
main.Close       FFFFFFDC  prv  lbl 
main.CloseLibrary  FFFFFE62  prv  lbl 
main.close_dos   005E      prv  lbl 
main.close_file  0056      prv  lbl 
main.done        0068      prv  lbl 
main.dos_name    0000      prv  lbl 
main.message     0024      prv  lbl 
main.message_len  0013      prv  lbl 
main.MODE_NEWFILE  03EE      prv  lbl 
main.Open        FFFFFFE2  prv  lbl 
main.OpenLibrary  FFFFFDD8  prv  lbl 
main.output_path  000C      prv  lbl 
main.RETURN_FAIL  0014      prv  lbl 
main.RETURN_OK   0000      prv  lbl 
main.start       0000      prv  lbl 
main.SysBase     0004      prv  lbl 
main.Write       FFFFFFD0  prv  lbl 

Total memory is 0 bytes

GENERATED OUTPUT

(none)
