opForge Assembler v0.9.6
ADDR    BYTES                    LINE  SOURCE
------  -----------------------  ----  ------
----                                1  ; Motorola 68000 multiply, divide, and bounds-check smoke fixture
----                                2  .cpu 68000
----    EQU 1000                    3  .org $1000
----                                4  
----                                5  start
1000    41 B8 12 34                 6      CHK ($1234).W,D0
1004    C2 D0                       7      MULU.W (A0),D1
1006    C5 FC 00 FF                 8      MULS #$00FF,D2
100A    86 F9 00 12 34 56           9      DIVU ($123456).L,D3
1010    89 FA 00 04                10      DIVS.W 4(PC),D4
1014    4E 75                      11      RTS
----                               12  
----                               13  .end

Lines: 13  Errors: 0  Warnings: 0

SYMBOL TABLE

NAME             VALUE     VIS  KIND
---------------  --------  ---  ----
start            1000      prv  lbl 

Total memory is 22 bytes

GENERATED OUTPUT

ADDR    BYTES
------  -----------------------
1000    41 B8 12 34 C2 D0 C5 FC 00 FF 86 F9 00 12 34 56
1010    89 FA 00 04 4E 75
