opForge Assembler v0.9.6
ADDR    BYTES                    LINE  SOURCE
------  -----------------------  ----  ------
----                                1  ; Motorola 68000 immediate and unary-operation smoke fixture
----                                2  .cpu 68000
----    EQU 1000                    3  .org $1000
----                                4  
----                                5  start
1000    00 00 00 12                 6      ORI.B #$12,D0
1004    02 50 12 34                 7      ANDI.W #$1234,(A0)
1008    06 68 00 01 00 04           8      ADDI.W #1,4(A0)
100E    04 19 00 01                 9      SUBI.B #1,(A1)+
1012    0A 81 12 34 56 78          10      EORI.L #$12345678,D1
1018    0C 78 12 34 12 34          11      CMPI.W #$1234,($1234).W
101E    0C 7A 00 01 00 04          12      CMPI.W #1,4(PC)
1024    42 42                      13      CLR.W D2
1026    44 10                      14      NEG.B (A0)
1028    46 83                      15      NOT.L D3
102A    4A 6B 00 04                16      TST.W 4(A3)
102E    4E 75                      17      RTS
----                               18  
----                               19  .end

Lines: 19  Errors: 0  Warnings: 0

SYMBOL TABLE

NAME             VALUE     VIS  KIND
---------------  --------  ---  ----
start            1000      prv  lbl 

Total memory is 48 bytes

GENERATED OUTPUT

ADDR    BYTES
------  -----------------------
1000    00 00 00 12 02 50 12 34 06 68 00 01 00 04 04 19
1010    00 01 0A 81 12 34 56 78 0C 78 12 34 12 34 0C 7A
1020    00 01 00 04 42 42 44 10 46 83 4A 6B 00 04 4E 75
