opForge Assembler v0.9.6
ADDR    BYTES                    LINE  SOURCE
------  -----------------------  ----  ------
----                                1  ; Motorola 68020 later integer-family smoke fixture
----                                2  .cpu 68020
----    EQU 1000                    3  .org $1000
----                                4  
----                                5  start
1000    4E 7A 00 02                 6      MOVEC CACR,D0
1004    4E 7B 18 03                 7      MOVEC D1,MSP
1008    48 0E FF FF FF F8           8      LINK.L A6,#-8
100E    49 C2                       9      EXTB.L D2
1010    4C 10 10 01                10      MULU.L (A0),D1
1014    4C 38 28 02 12 34          11      MULS.L ($1234).W,D2
101A    4C 50 18 01                12      DIVS.L (A0),D1
101E    4C 50 10 01                13      DIVU.L (A0),D1
1022    4C 50 3C 02                14      DIVS.L (A0),D2:D3
1026    4C 50 34 02                15      DIVU.L (A0),D2:D3
102A    4C 50 38 02                16      DIVSL.L (A0),D2:D3
102E    4C 50 30 02                17      DIVUL.L (A0),D2:D3
1032    60 FF 00 00 00 3E          18      BRA.L far_target
1038    61 FF 00 00 00 36          19      BSR.L helper
103E    66 FF 00 00 00 32          20      BNE.L far_target
1044    0C D0 00 40                21      CAS.W D0,D1,(A0)
1048    0E FC 80 80 90 C1          22      CAS2.L D0:D1,D2:D3,(A0):(A1)
104E    04 F8 98 00 12 34          23      CHK2.L ($1234).W,A1
1054    00 F8 00 00 12 34          24      CMP2.B ($1234).W,D0
105A    83 40 FF FF                25      PACK D0,D1,#-1
105E    83 88 00 01                26      UNPK -(A0),-(A1),#1
1062    56 FC                      27      TRAPNE
1064    5E FA 12 34                28      TRAPGT.W #$1234
1068    06 F8 00 05 12 34          29      CALLM #5,($1234).W
106E    06 CB                      30      RTM A3
----                               31  helper
1070    4E 75                      32      RTS
----                               33  far_target
1072    4E 71                      34      NOP
1074    4E 75                      35      RTS
----                               36  
----                               37  .end

Lines: 37  Errors: 0  Warnings: 0

SYMBOL TABLE

NAME             VALUE     VIS  KIND
---------------  --------  ---  ----
far_target       1072      prv  lbl 
helper           1070      prv  lbl 
start            1000      prv  lbl 

Total memory is 118 bytes

GENERATED OUTPUT

ADDR    BYTES
------  -----------------------
1000    4E 7A 00 02 4E 7B 18 03 48 0E FF FF FF F8 49 C2
1010    4C 10 10 01 4C 38 28 02 12 34 4C 50 18 01 4C 50
1020    10 01 4C 50 3C 02 4C 50 34 02 4C 50 38 02 4C 50
1030    30 02 60 FF 00 00 00 3E 61 FF 00 00 00 36 66 FF
1040    00 00 00 32 0C D0 00 40 0E FC 80 80 90 C1 04 F8
1050    98 00 12 34 00 F8 00 00 12 34 83 40 FF FF 83 88
1060    00 01 56 FC 5E FA 12 34 06 F8 00 05 12 34 06 CB
1070    4E 75 4E 71 4E 75
