opForge Assembler v0.9.7
ADDR    BYTES                    LINE  SOURCE
------  -----------------------  ----  ------
----                                1  ; Motorola 68020 external FPU operand and addressing-mode surface
----                                2  .cpu 68020
----                                3  .fpu 68881
----    EQU 1000                    4  .org $1000
----                                5  
----                                6  start
----                                7      ; Register-direct and sized integer / FP transfers.
1000    F2 00 00 80                 8      FMOVE FP0,FP1
1004    F2 00 59 00                 9      FMOVE.B D0,FP2
1008    F2 01 71 00                10      FMOVE.W FP2,D1
100C    F2 02 90 00                11      FMOVE.L D2,FPCR
1010    F2 03 A8 00                12      FMOVE.L FPSR,D3
1014    F2 04 A4 00                13      FMOVE.L FPIAR,D4
----                               14  
----                               15      ; Native floating-point format transfers.
1018    F2 10 45 80                16      FMOVE.S (A0),FP3
101C    F2 18 56 00                17      FMOVE.D (A0)+,FP4
1020    F2 21 4A 80                18      FMOVE.X -(A1),FP5
1024    F2 2A 4F 00 00 08          19      FMOVE.P 8(A2),FP6
102A    F2 10 64 00                20      FMOVE.S FP0,(A0)
102E    F2 28 74 80 00 08          21      FMOVE.D FP1,8(A0)
1034    F2 21 69 00                22      FMOVE.X FP2,-(A1)
1038    F2 39 6D 80 00 12 34 56    23      FMOVE.P FP3,($123456).L
----                               24  
----                               25      ; Memory-source addressing families for sized FPU operations.
1040    F2 10 51 80                26      FMOVE.W (A0),FP3
1044    F2 18 42 00                27      FMOVE.L (A0)+,FP4
1048    F2 21 52 80                28      FMOVE.W -(A1),FP5
104C    F2 2A 43 00 00 08          29      FMOVE.L 8(A2),FP6
1052    F2 33 53 80 50 00          30      FMOVE.W 0(A3,D5.W),FP7
1058    F2 38 50 00 12 34          31      FMOVE.W ($1234).W,FP0
105E    F2 39 40 80 00 12 34 56    32      FMOVE.L ($123456).L,FP1
1066    F2 3A 51 00 00 08          33      FMOVE.W 8(PC),FP2
----                               34  
----                               35      ; Representative arithmetic and transcendental EA forms.
106C    F2 00 05 22                36      FADD FP1,FP2
1070    F2 10 44 22                37      FADD.S (A0),FP0
1074    F2 18 54 A2                38      FADD.D (A0)+,FP1
1078    F2 21 49 22                39      FADD.X -(A1),FP2
107C    F2 2A 4D A2 00 08          40      FADD.P 8(A2),FP3
1082    F2 10 51 9D                41      FCOS.W (A0),FP3
1086    F2 00 0E B4                42      FSINCOS FP3,.pair(FP4,FP5)
----                               43  
----                               44      ; State save / restore and register-list transfers.
108A    F2 14 F0 05                45      FMOVEM FP0/FP2,(A4)
108E    F2 1C D0 0A                46      FMOVEM (A4)+,FP1/FP3
1092    F2 25 E0 A0                47      FMOVEM FP0/FP2,-(A5)
1096    F3 16                      48      FSAVE (A6)
1098    F3 5E                      49      FRESTORE (A6)+
109A    4E 75                      50      RTS
----                               51  
----                               52  .end

Lines: 52  Errors: 0  Warnings: 0

SYMBOL TABLE

NAME             VALUE     VIS  KIND
---------------  --------  ---  ----
start            1000      prv  lbl 

Total memory is 156 bytes

GENERATED OUTPUT

ADDR    BYTES
------  -----------------------
1000    F2 00 00 80 F2 00 59 00 F2 01 71 00 F2 02 90 00
1010    F2 03 A8 00 F2 04 A4 00 F2 10 45 80 F2 18 56 00
1020    F2 21 4A 80 F2 2A 4F 00 00 08 F2 10 64 00 F2 28
1030    74 80 00 08 F2 21 69 00 F2 39 6D 80 00 12 34 56
1040    F2 10 51 80 F2 18 42 00 F2 21 52 80 F2 2A 43 00
1050    00 08 F2 33 53 80 50 00 F2 38 50 00 12 34 F2 39
1060    40 80 00 12 34 56 F2 3A 51 00 00 08 F2 00 05 22
1070    F2 10 44 22 F2 18 54 A2 F2 21 49 22 F2 2A 4D A2
1080    00 08 F2 10 51 9D F2 00 0E B4 F2 14 F0 05 F2 1C
1090    D0 0A F2 25 E0 A0 F3 16 F3 5E 4E 75
