opForge Assembler v0.9.6
ADDR    BYTES                    LINE  SOURCE
------  -----------------------  ----  ------
----                                1  ; Motorola 68020 external FPU instruction catalog
----                                2  .cpu 68020
----                                3  .fpu 68881
----    EQU 1000                    4  .org $1000
----                                5  
----                                6  start
----                                7      ; Core move and arithmetic surface.
1000    F2 80 00 00                 8      FNOP
1004    F2 00 00 80                 9      FMOVE FP0,FP1
1008    F2 00 5C 0B                10      FMOVECR #11,FP0
100C    F2 10 45 00                11      FMOVE.S (A0),FP2
1010    F2 18 55 80                12      FMOVE.D (A0)+,FP3
1014    F2 21 4A 00                13      FMOVE.X -(A1),FP4
1018    F2 2A 4E 80 00 08          14      FMOVE.P 8(A2),FP5
101E    F2 00 05 22                15      FADD FP1,FP2
1022    F2 10 45 A2                16      FADD.S (A0),FP3
1026    F2 18 56 22                17      FADD.D (A0)+,FP4
102A    F2 21 4A A2                18      FADD.X -(A1),FP5
102E    F2 2A 4F 22 00 08          19      FADD.P 8(A2),FP6
1034    F2 00 09 A8                20      FSUB FP2,FP3
1038    F2 00 0E 23                21      FMUL FP3,FP4
103C    F2 00 12 A0                22      FDIV FP4,FP5
1040    F2 00 05 24                23      FSGLDIV FP1,FP2
1044    F2 00 0E 27                24      FSGLMUL FP3,FP4
1048    F2 00 16 84                25      FSQRT FP5
104C    F2 00 1B 18                26      FABS FP6
1050    F2 00 1F 9A                27      FNEG FP7
1054    F2 00 00 01                28      FINT FP0
1058    F2 00 04 83                29      FINTRZ FP1
105C    F2 00 05 38                30      FCMP FP1,FP2
1060    F2 00 0D BA                31      FTST FP3
----                               32  
----                               33      ; Conditional, trap, and state-control surface.
1064    F2 81 00 02                34      FBEQ after_fb
----                               35  after_fb
1068    F2 48 00 0E 00 02          36      FDBNE D0,after_fdb
----                               37  after_fdb
106E    F2 41 00 0E                38      FSNE D1
1072    F2 7A 00 12 00 01          39      FTRAPGT.W #1
1078    F3 10                      40      FSAVE (A0)
107A    F3 58                      41      FRESTORE (A0)+
----                               42  
----                               43      ; Trigonometric and hyperbolic surface.
107C    F2 00 00 8E                44      FSIN FP0,FP1
1080    F2 11 51 1D                45      FCOS.W (A1),FP2
1084    F2 00 0E B4                46      FSINCOS FP3,.pair(FP4,FP5)
1088    F2 00 17 0F                47      FTAN FP5,FP6
108C    F2 00 1B 8C                48      FASIN FP6,FP7
1090    F2 00 1C 1C                49      FACOS FP7,FP0
1094    F2 00 00 8A                50      FATAN FP0,FP1
1098    F2 00 05 02                51      FSINH FP1,FP2
109C    F2 00 09 99                52      FCOSH FP2,FP3
10A0    F2 00 0E 09                53      FTANH FP3,FP4
10A4    F2 00 12 8D                54      FATANH FP4,FP5
----                               55  
----                               56      ; Extended math surface.
10A8    F2 00 17 10                57      FETOX FP5,FP6
10AC    F2 00 1B 88                58      FETOXM1 FP6,FP7
10B0    F2 00 1C 12                59      FTENTOX FP7,FP0
10B4    F2 00 00 91                60      FTWOTOX FP0,FP1
10B8    F2 00 05 14                61      FLOGN FP1,FP2
10BC    F2 00 09 86                62      FLOGNP1 FP2,FP3
10C0    F2 00 0E 15                63      FLOG10 FP3,FP4
10C4    F2 00 12 96                64      FLOG2 FP4,FP5
10C8    F2 00 17 1E                65      FGETEXP FP5,FP6
10CC    F2 00 1B 9F                66      FGETMAN FP6,FP7
10D0    F2 00 1C 26                67      FSCALE FP7,FP0
10D4    F2 00 00 A1                68      FMOD FP0,FP1
10D8    F2 00 05 25                69      FREM FP1,FP2
10DC    4E 75                      70      RTS
----                               71  
----                               72  .end

Lines: 72  Errors: 0  Warnings: 0

SYMBOL TABLE

NAME             VALUE     VIS  KIND
---------------  --------  ---  ----
after_fb         1068      prv  lbl 
after_fdb        106E      prv  lbl 
start            1000      prv  lbl 

Total memory is 222 bytes

GENERATED OUTPUT

ADDR    BYTES
------  -----------------------
1000    F2 80 00 00 F2 00 00 80 F2 00 5C 0B F2 10 45 00
1010    F2 18 55 80 F2 21 4A 00 F2 2A 4E 80 00 08 F2 00
1020    05 22 F2 10 45 A2 F2 18 56 22 F2 21 4A A2 F2 2A
1030    4F 22 00 08 F2 00 09 A8 F2 00 0E 23 F2 00 12 A0
1040    F2 00 05 24 F2 00 0E 27 F2 00 16 84 F2 00 1B 18
1050    F2 00 1F 9A F2 00 00 01 F2 00 04 83 F2 00 05 38
1060    F2 00 0D BA F2 81 00 02 F2 48 00 0E 00 02 F2 41
1070    00 0E F2 7A 00 12 00 01 F3 10 F3 58 F2 00 00 8E
1080    F2 11 51 1D F2 00 0E B4 F2 00 17 0F F2 00 1B 8C
1090    F2 00 1C 1C F2 00 00 8A F2 00 05 02 F2 00 09 99
10A0    F2 00 0E 09 F2 00 12 8D F2 00 17 10 F2 00 1B 88
10B0    F2 00 1C 12 F2 00 00 91 F2 00 05 14 F2 00 09 86
10C0    F2 00 0E 15 F2 00 12 96 F2 00 17 1E F2 00 1B 9F
10D0    F2 00 1C 26 F2 00 00 A1 F2 00 05 25 4E 75
