opForge Assembler v0.9.6
ADDR    BYTES                    LINE  SOURCE
------  -----------------------  ----  ------
----                                1  ; Motorola 68030 narrow MMU and external FPU smoke fixture
----                                2  .cpu 68030
----                                3  .fpu 68881
----    EQU 1000                    4  .org $1000
----                                5  
----                                6  start
1000    F0 00 30 10                 7      PFLUSH #0,#0
1004    F0 00 00 8E                 8      FSIN FP0,FP1
1008    F0 81 00 02                 9      FBEQ after_fb
----                               10  after_fb
100C    F0 00 00 90                11      FETOX FP0,FP1
1010    4E 75                      12      RTS
----                               13  
----                               14  .end

Lines: 14  Errors: 0  Warnings: 0

SYMBOL TABLE

NAME             VALUE     VIS  KIND
---------------  --------  ---  ----
after_fb         100C      prv  lbl 
start            1000      prv  lbl 

Total memory is 18 bytes

GENERATED OUTPUT

ADDR    BYTES
------  -----------------------
1000    F0 00 30 10 F0 00 00 8E F0 81 00 02 F0 00 00 90
1010    4E 75
