opForge Assembler v0.9.6
ADDR    BYTES                    LINE  SOURCE
------  -----------------------  ----  ------
----                                1  ; Motorola 6809 indexed-mode baseline fixture
----                                2  .cpu m6809
----    EQU 1000                    3  .org $1000
----                                4  
----                                5  start
1000    A6 00                       6      LDA ,X
1002    A6 80                       7      LDA ,X+
1004    A6 81                       8      LDA ,X++
1006    A6 82                       9      LDA ,-X
1008    A6 E3                      10      LDA ,--S
100A    A6 88 20                   11      LDA $20,X
100D    A6 A6                      12      LDA A,Y
100F    A6 98 20                   13      LDA [$20,X]
1012    A6 96                      14      LDA [A,X]
1014    A6 9F 12 34                15      LDA [$1234]
1018    A6 9C 04                   16      LDA [4,PC]
101B    E6 7F                      17      LDB -1,S
101D    E7 86                      18      STB A,X
101F    EC C8 10                   19      LDD 16,U
1022    AD 88 20                   20      JSR $20,X
1025    A6 8C 04                   21      LDA 4,PC
1028    39                         22      RTS

Lines: 22  Errors: 0  Warnings: 0

SYMBOL TABLE

NAME             VALUE     VIS  KIND
---------------  --------  ---  ----
start            1000      prv  lbl 

Total memory is 41 bytes

GENERATED OUTPUT

ADDR    BYTES
------  -----------------------
1000    A6 00 A6 80 A6 81 A6 82 A6 E3 A6 88 20 A6 A6 A6
1010    98 20 A6 96 A6 9F 12 34 A6 9C 04 E6 7F E7 86 EC
1020    C8 10 AD 88 20 A6 8C 04 39
