opForge Assembler v0.9.6
ADDR    BYTES                    LINE  SOURCE
------  -----------------------  ----  ------
----                                1  ; 45GS02 extension absolute word operations
----                                2  .cpu 45gs02
----    EQU 0D00                    3  .org $0D00
----                                4  
0D00    BB 00 20                    5      asw $2000
0D03    DB 02 20                    6      row $2002
0D06    60                          7      rts
----                                8  
----                                9  .end

Lines: 9  Errors: 0  Warnings: 0

SYMBOL TABLE

(none)

Total memory is 7 bytes

GENERATED OUTPUT

ADDR    BYTES
------  -----------------------
0D00    BB 00 20 DB 02 20 60
