opForge Assembler v0.9.6
ADDR    BYTES                    LINE  SOURCE
------  -----------------------  ----  ------
----                                1  ; 45GS02 extension mnemonics beyond MAP/EOM/NEG
----                                2  
----                                3          .cpu 45gs02
----    EQU 0A00                    4          .org $0A00
----                                5  
----                                6  start
0A00    02                          7          cle
0A01    03                          8          see
0A02    0B                          9          inz
0A03    1B                         10          tys
0A04    2B                         11          dez
0A05    3B                         12          taz
0A06    4B                         13          tab
0A07    5B                         14          tza
0A08    6B                         15          tba
0A09    FB                         16          tsy
----                               17  
0A0A    A3 34                      18          ldz #$34
0A0C    9B 34 12                   19          ldz $1234
0A0F    AB 34 12                   20          ldz $1234,x
----                               21  
0A12    C2 10                      22          cpz #$10
0A14    D4 20                      23          cpz $20
0A16    CC 34 12                   24          cpz $1234
----                               25  
0A19    60                         26          rts
----                               27  
----                               28          .end

Lines: 28  Errors: 0  Warnings: 0

SYMBOL TABLE

NAME             VALUE     VIS  KIND
---------------  --------  ---  ----
start            0A00      prv  lbl 

Total memory is 26 bytes

GENERATED OUTPUT

ADDR    BYTES
------  -----------------------
0A00    02 03 0B 1B 2B 3B 4B 5B 6B FB A3 34 9B 34 12 AB
0A10    34 12 C2 10 D4 20 CC 34 12 60
