opForge Assembler v0.9.6
ADDR    BYTES                    LINE  SOURCE
------  -----------------------  ----  ------
----                                1  ; 45GS02 PHW extension forms
----                                2  
----                                3          .cpu 45gs02
----    EQU 0B00                    4          .org $0B00
----                                5  
----                                6  start
0B00    F4 34 12                    7          phw #$1234
0B03    EC 00 20                    8          phw $2000
0B06    60                          9          rts
----                               10  
----                               11          .end

Lines: 11  Errors: 0  Warnings: 0

SYMBOL TABLE

NAME             VALUE     VIS  KIND
---------------  --------  ---  ----
start            0B00      prv  lbl 

Total memory is 7 bytes

GENERATED OUTPUT

ADDR    BYTES
------  -----------------------
0B00    F4 34 12 EC 00 20 60
