opForge Assembler v0.9.6
ADDR    BYTES                    LINE  SOURCE
------  -----------------------  ----  ------
----                                1  ; 45GS02 implied flag-control opcode overrides
----                                2  
----                                3          .cpu 45gs02
----    EQU 2500                    4          .org $2500
----                                5  
----                                6  start
2500    08                          7          clc
2501    28                          8          sec
2502    48                          9          cli
2503    68                         10          sei
2504    A8                         11          clv
2505    C8                         12          cld
2506    E8                         13          sed
2507    60                         14          rts
----                               15  
----                               16          .end

Lines: 16  Errors: 0  Warnings: 0

SYMBOL TABLE

NAME             VALUE     VIS  KIND
---------------  --------  ---  ----
start            2500      prv  lbl 

Total memory is 8 bytes

GENERATED OUTPUT

ADDR    BYTES
------  -----------------------
2500    08 28 48 68 A8 C8 E8 60
