opForge Assembler v0.9.6
ADDR    BYTES                    LINE  SOURCE
------  -----------------------  ----  ------
----                                1  ; 65C02 Additional Addressing Modes Test
----                                2  ; Tests 65C02-only instructions and addressing modes
----                                3  
----                                4          .cpu 65c02
----    EQU 0300                    5          .org $0300
----                                6  
----                                7  ; ========================================
----                                8  ; 65C02-ONLY INSTRUCTIONS
----                                9  ; ========================================
----                               10  
----                               11  ; STZ - Store Zero (new instruction)
0300    64 20                      12          stz $20         ; 64 20 - Zero page
0302    9C 34 12                   13          stz $1234       ; 9C 34 12 - Absolute
0305    74 30                      14          stz $30,x       ; 74 30 - Zero page,X
0307    9E 45 23                   15          stz $2345,x     ; 9E 45 23 - Absolute,X
----                               16  
----                               17  ; PHX/PHY/PLX/PLY - Push/Pull X and Y
030A    DA                         18          phx             ; DA
030B    5A                         19          phy             ; 5A
030C    FA                         20          plx             ; FA
030D    7A                         21          ply             ; 7A
----                               22  
----                               23  ; INC A / DEC A - Accumulator increment/decrement
030E    1A                         24          inc a           ; 1A
030F    3A                         25          dec a           ; 3A
----                               26  
----                               27  ; TRB/TSB - Test and Reset/Set Bits
0310    14 40                      28          trb $40         ; 14 40 - Zero page
0312    1C 56 34                   29          trb $3456       ; 1C 56 34 - Absolute
0315    04 50                      30          tsb $50         ; 04 50 - Zero page
0317    0C 67 45                   31          tsb $4567       ; 0C 67 45 - Absolute
----                               32  
----                               33  ; BRA - Branch Always
031A    80 02                      34          bra skip1       ; 80 xx
031C    EA                         35          nop
031D    EA                         36          nop
----                               37  skip1
----                               38  
----                               39  ; BBR/BBS - Branch on Bit Reset/Set
031E    0F 20 01                   40          bbr0 $20, bbr_target    ; 0F 20 xx
0321    EA                         41          nop
----                               42  bbr_target
0322    FF 21 01                   43          bbs7 $21, bbs_target    ; FF 21 xx
0325    EA                         44          nop
----                               45  bbs_target
----                               46  
----                               47  ; BIT immediate (65C02 only)
0326    89 55                      48          bit #$55        ; 89 55
----                               49  
----                               50  ; BIT zero page,X (65C02 only)
0328    34 60                      51          bit $60,x       ; 34 60
----                               52  
----                               53  ; BIT absolute,X (65C02 only)
032A    3C 78 56                   54          bit $5678,x     ; 3C 78 56
----                               55  
----                               56  ; ========================================
----                               57  ; ZERO PAGE INDIRECT MODE: op ($nn)
----                               58  ; (65C02 only - not available on base 6502)
----                               59  ; ========================================
032D    B2 20                      60          lda ($20)       ; B2 20
032F    92 30                      61          sta ($30)       ; 92 30
0331    72 40                      62          adc ($40)       ; 72 40
0333    F2 50                      63          sbc ($50)       ; F2 50
0335    32 60                      64          and ($60)       ; 32 60
0337    12 70                      65          ora ($70)       ; 12 70
0339    52 80                      66          eor ($80)       ; 52 80
033B    D2 90                      67          cmp ($90)       ; D2 90
----                               68  
----                               69  ; ========================================
----                               70  ; ABSOLUTE INDEXED INDIRECT: JMP ($nnnn,X)
----                               71  ; (65C02 only)
----                               72  ; ========================================
033D    7C 34 12                   73          jmp ($1234,x)   ; 7C 34 12
----                               74  
----                               75  ; ========================================
----                               76  ; All base 6502 modes still work
----                               77  ; ========================================
0340    A9 42                      78          lda #$42        ; A9 42 - Immediate
0342    A5 20                      79          lda $20         ; A5 20 - Zero page
0344    B5 20                      80          lda $20,x       ; B5 20 - Zero page,X
0346    AD 34 12                   81          lda $1234       ; AD 34 12 - Absolute
0349    BD 34 12                   82          lda $1234,x     ; BD 34 12 - Absolute,X
034C    B9 34 12                   83          lda $1234,y     ; B9 34 12 - Absolute,Y
034F    A1 20                      84          lda ($20,x)     ; A1 20 - Indexed indirect
0351    B1 20                      85          lda ($20),y     ; B1 20 - Indirect indexed
----                               86  
0353    60                         87          rts             ; 60
----                               88  
----                               89          .end

Lines: 89  Errors: 0  Warnings: 0

SYMBOL TABLE

NAME             VALUE     VIS  KIND
---------------  --------  ---  ----
bbr_target       0322      prv  lbl 
bbs_target       0326      prv  lbl 
skip1            031E      prv  lbl 

Total memory is 84 bytes

GENERATED OUTPUT

ADDR    BYTES
------  -----------------------
0300    64 20 9C 34 12 74 30 9E 45 23 DA 5A FA 7A 1A 3A
0310    14 40 1C 56 34 04 50 0C 67 45 80 02 EA EA 0F 20
0320    01 EA FF 21 01 EA 89 55 34 60 3C 78 56 B2 20 92
0330    30 72 40 F2 50 32 60 12 70 52 80 D2 90 7C 34 12
0340    A9 42 A5 20 B5 20 AD 34 12 BD 34 12 B9 34 12 A1
0350    20 B1 20 60
