opForge Assembler v0.9.6
ADDR    BYTES                    LINE  SOURCE
------  -----------------------  ----  ------
----                                1  ; Demonstrates .align
----                                2  
----                                3  .module main
----    EQU 1000                    4      .org 1000h
1000    01                          5      .byte 1
1001    +0003                       6      .align 4
1004    02                          7      .byte 2
----                                8  .endmodule
----                                9  
----                               10  .end

Lines: 10  Errors: 0  Warnings: 0

SYMBOL TABLE

(none)

Total memory is 2 bytes

GENERATED OUTPUT

ADDR    BYTES
------  -----------------------
1000    01
1004    02
