opForge Assembler v0.9.7
ADDR    BYTES                    LINE  SOURCE
------  -----------------------  ----  ------
----                                1  ; CLI JSON output fixture for labels/dependencies
----    EQU 002A                    2  INIT_VALUE .const $2A
----                                3  
----    EQU 2000                    4  .org $2000
2000    00                          5  START  nop
2001    2A                          6  VALUE  .byte INIT_VALUE

Lines: 6  Errors: 0  Warnings: 0

SYMBOL TABLE

NAME             VALUE     VIS  KIND
---------------  --------  ---  ----
INIT_VALUE       002A      prv  lbl 
START            2000      prv  lbl 
VALUE            2001      prv  lbl 

Total memory is 2 bytes

GENERATED OUTPUT

ADDR    BYTES
------  -----------------------
2000    00 2A
