opForge Assembler v0.9.5
ADDR    BYTES                    LINE  SOURCE
------  -----------------------  ----  ------
----                                1          .cpu 8085
----    EQU 2000                    2          .org 2000h
----                                3  
----                                4          .if 1
2000    3E 11                       5              mvi a,11h
2002    06 22                       6              mvi b,22h
    7 | <end of file>
ERROR: Found .if without .endif
help: add a matching .endif to close the open conditional block
suggestion: replace 7:1-1 with ".endif"

Lines: 6  Errors: 1  Warnings: 0

SYMBOL TABLE

(none)

Total memory is 4 bytes

GENERATED OUTPUT

ADDR    BYTES
------  -----------------------
2000    3E 11 06 22
