opForge Assembler v0.9.7
ADDR    BYTES                    LINE  SOURCE
------  -----------------------  ----  ------
----                                1  .module main
----                                2  
----                                3  .region ram, $1000, $10ff
----                                4  
----                                5  .section code  ; [section code]
----                                6  .pub  ; [section code]
----                                7  start  ; [section code]
1000    42 43                       8      .byte $42, $43  ; [section code]
----                                9  .priv  ; [section code]
----                               10  .endsection
----                               11  
----                               12  .place code in ram
----                               13  
----                               14  .output "build/minimal.bin", format=bin, sections=code
----                               15  .mapfile "build/minimal.map", symbols=public
----                               16  .exportsections dir="build/minimal_sections", format=bin
----                               17  
----                               18  .endmodule

Lines: 18  Errors: 0  Warnings: 0

SYMBOL TABLE

NAME             VALUE     VIS  KIND
---------------  --------  ---  ----
main.start       1000      pub  lbl 

Total memory is 2 bytes

GENERATED OUTPUT

ADDR    BYTES
------  -----------------------
1000    42 43
