opForge Assembler v0.9.7
ADDR    BYTES                    LINE  SOURCE
------  -----------------------  ----  ------
----                                1  .module main
----                                2  
----                                3  .region rom, $8000, $80ff, align=1
----                                4  
----                                5  .section code, align=1  ; [section code]
----                                6  .pub  ; [section code]
----                                7  entry  ; [section code]
8000    04 80                       8      .word data_start  ; [section code]
----                                9  .priv  ; [section code]
8002    EA                         10      .byte $ea  ; [section code]
----                               11  .endsection
----                               12  
----                               13  .section data, align=2  ; [section data]
----                               14  data_start  ; [section data]
8004    01 02 03                   15      .byte 1, 2, 3  ; [section data]
----                               16  .endsection
----                               17  
----                               18  .section zero, kind=bss, align=1  ; [section zero]
8007    +0004                      19      .res byte, 4  ; [section zero]
----                               20  .endsection
----                               21  
----                               22  .pack in rom : code, data, zero
----                               23  
----                               24  .output "build/full.prg", format=prg, contiguous=false, sections=code,data
----                               25  .output "build/full-image.bin", format=bin, image="$8000..$8010", fill=$ff, contiguous=false, sections=code,data
----                               26  .mapfile "build/full.map", symbols=all
----                               27  .exportsections dir="build/full_sections", format=bin, include=bss
----                               28  
----                               29  .endmodule

Lines: 29  Errors: 0  Warnings: 0

SYMBOL TABLE

NAME             VALUE     VIS  KIND
---------------  --------  ---  ----
main.data_start  8004      prv  lbl 
main.entry       8000      pub  lbl 

Total memory is 6 bytes

GENERATED OUTPUT

ADDR    BYTES
------  -----------------------
8000    04 80 EA
8004    01 02 03
