opForge Assembler v0.9.6
ADDR    BYTES                    LINE  SOURCE
------  -----------------------  ----  ------
----                                1  ; Demonstrates root-module metadata directives.
----                                2  
----                                3  .module main
----                                4      .meta.name "Metadata Demo"
----                                5      .meta.version "1.0.0"
----                                6      .meta.output.name "meta-demo"
----                                7      .meta.output.z80.name "meta-demo-z80"
----                                8  
----    EQU 0000                    9      .org 0000h
----                               10  START
0000    01 02 03 04                11      .byte 01h, 02h, 03h, 04h
----                               12  .endmodule

Lines: 12  Errors: 0  Warnings: 0

SYMBOL TABLE

NAME             VALUE     VIS  KIND
---------------  --------  ---  ----
main.START       0000      prv  lbl 

Total memory is 4 bytes

GENERATED OUTPUT

ADDR    BYTES
------  -----------------------
0000    01 02 03 04
