opForge Assembler v0.9.5
ADDR    BYTES                    LINE  SOURCE
------  -----------------------  ----  ------
----                                1  .module util
----                                2      .pub
----    EQU 002A                    3  VALUE .const 42
----                                4  .endmodule
----                                5  ; Root-folder example with a single root module.
----                                6  
----                                7  .module main
----                                8      .use util
----    EQU 0000                    9      .org 0000h
----                               10  START
0000    01 02                      11      .byte 01h, 02h
0002    2A 00                      12      .word util.VALUE
----                               13  .endmodule

Lines: 13  Errors: 0  Warnings: 0

SYMBOL TABLE

NAME             VALUE     VIS  KIND
---------------  --------  ---  ----
main.START       0000      prv  lbl 
util.VALUE       002A      pub  lbl 

Total memory is 4 bytes

GENERATED OUTPUT

ADDR    BYTES
------  -----------------------
0000    01 02 2A 00
