opForge Assembler v0.9.6
ADDR    BYTES                    LINE  SOURCE
------  -----------------------  ----  ------
----                                1  ; Demonstrates sections.
----                                2  
----                                3  .module main
----                                4      .region ram, $1000, $10ff
----                                5      .section data  ; [section data]
1000    01 02                       6      .byte 1, 2  ; [section data]
----                                7      .endsection
----                                8      .place data in ram
----                                9  .endmodule

Lines: 9  Errors: 0  Warnings: 0

SYMBOL TABLE

(none)

Total memory is 2 bytes

GENERATED OUTPUT

ADDR    BYTES
------  -----------------------
1000    01 02
