opForge Assembler v0.9.7
ADDR    BYTES                    LINE  SOURCE
------  -----------------------  ----  ------
----                                1  .module example.section.lib
----                                2      .pub
----    EQU 0004                    3  LIBVAL  .const 4
----                                4      .section data  ; [section data]
1000    02 03                       5      .byte 2, 3  ; [section data]
----                                6      .endsection
----                                7  .endmodule
----                                8  ; Section data across modules with autoload
----                                9  
----                               10  .module example.section.app
----                               11      .use example.section.lib (LIBVAL)
----                               12      .region ram, $1000, $10ff
----                               13      .section data  ; [section data]
1002    01 04                      14      .byte 1, LIBVAL  ; [section data]
----                               15      .endsection
----                               16      .place data in ram
----                               17  .endmodule
----                               18  
----                               19  .end

Lines: 19  Errors: 0  Warnings: 0

SYMBOL TABLE

NAME             VALUE     VIS  KIND
---------------  --------  ---  ----
example.section.lib.LIBVAL  0004      pub  lbl 

Total memory is 4 bytes

GENERATED OUTPUT

ADDR    BYTES
------  -----------------------
1000    02 03 01 04
