opForge Assembler v0.9.7
ADDR    BYTES                    LINE  SOURCE
------  -----------------------  ----  ------
----                                1  .module segment.export.lib
----                                2      .pub
----    EQU 0042                    3  LIBVAL  .const $42
----                                4  
----                                5  
----                                6  .endmodule
----                                7  ; Test: successful cross-module segment import on 65C02.
----                                8  ;
----                                9  ; When EMIT_BYTE is explicitly listed in the .use import list, the segment
----                               10  ; defined in the library module becomes available beside an imported const.
----                               11  
----                               12  .module segment.cross.ok.app
----                               13      .cpu 65c02
----                               14  
----                               15      .use segment.export.lib (LIBVAL, EMIT_BYTE)
----                               16  
----    EQU 0800                   17      .org $0800
----                               18  
0800    A9 42                      19      lda #LIBVAL         ; Use the exported const ($42)
0802    AA                         20      .byte $AA
0803    BB                         21      .byte $BB
0804    00                         22      brk
----                               23  .endmodule
----                               24  
----                               25  .end

Lines: 25  Errors: 0  Warnings: 0

SYMBOL TABLE

NAME             VALUE     VIS  KIND
---------------  --------  ---  ----
segment.export.lib.LIBVAL  0042      pub  lbl 

Total memory is 5 bytes

GENERATED OUTPUT

ADDR    BYTES
------  -----------------------
0800    A9 42 AA BB 00
