opForge Assembler v0.9.7
ADDR    BYTES                    LINE  SOURCE
------  -----------------------  ----  ------
----                                1  ; Demonstrate statement capture types.
----                                2  
----                                3  
----                                4  
----                                5  
----                                6  
----                                7  start
0000    00                          8      nop

Lines: 8  Errors: 0  Warnings: 0

SYMBOL TABLE

NAME             VALUE     VIS  KIND
---------------  --------  ---  ----
start            0000      prv  lbl 

Total memory is 1 bytes

GENERATED OUTPUT

ADDR    BYTES
------  -----------------------
0000    00
